-- Automatically generated by SQLQueryTestSuite
-- Number of queries: 7


-- !query
SELECT 'trailing' AS first
-- !query schema
struct<first:string>
-- !query output
trailing


-- !query
SELECT /* embedded single line */ 'embedded' AS `second`
-- !query schema
struct<second:string>
-- !query output
embedded


-- !query
SELECT /* both embedded and trailing single line */ 'both' AS third
-- !query schema
struct<third:string>
-- !query output
both


-- !query
SELECT 'before multi-line' AS fourth
-- !query schema
struct<fourth:string>
-- !query output
before multi-line


-- !query
/* This is an example of SQL which should not execute:
 * select 'multi-line';
 */
SELECT 'after multi-line' AS fifth
-- !query schema
struct<fifth:string>
-- !query output
after multi-line


-- !query
/*
SELECT 'trailing' as x1; -- inside block comment
*/

/* This block comment surrounds a query which itself has a block comment...
SELECT /* embedded single line */ 'embedded' AS x2;
*/

SELECT -- continued after the following block comments...
/* Deeply nested comment.
   This includes a single apostrophe to make sure we aren't decoding this part as a string.
SELECT 'deep nest' AS n1;
/* Second level of nesting...
SELECT 'deeper nest' as n2;
/* Third level of nesting...
SELECT 'deepest nest' as n3;
*/
Hoo boy. Still two deep...
*/
Now just one deep...
*/
'deeply nested example' AS sixth
-- !query schema
struct<>
-- !query output
org.apache.spark.sql.catalyst.parser.ParseException

mismatched input ''embedded'' expecting {'(', 'ADD', 'ALTER', 'ANALYZE', 'CACHE', 'CLEAR', 'COMMENT', 'COMMIT', 'CREATE', 'DELETE', 'DESC', 'DESCRIBE', 'DFS', 'DROP', 'EXPLAIN', 'EXPORT', 'FROM', 'GRANT', 'IMPORT', 'INSERT', 'LIST', 'LOAD', 'LOCK', 'MAP', 'MERGE', 'MSCK', 'REDUCE', 'REFRESH', 'REPLACE', 'RESET', 'REVOKE', 'ROLLBACK', 'SELECT', 'SET', 'SHOW', 'START', 'TABLE', 'TRUNCATE', 'UNCACHE', 'UNLOCK', 'UPDATE', 'USE', 'VALUES', 'WITH'}(line 6, pos 34)

== SQL ==
/*
SELECT 'trailing' as x1; -- inside block comment
*/

/* This block comment surrounds a query which itself has a block comment...
SELECT /* embedded single line */ 'embedded' AS x2;
----------------------------------^^^
*/

SELECT -- continued after the following block comments...
/* Deeply nested comment.
   This includes a single apostrophe to make sure we aren't decoding this part as a string.
SELECT 'deep nest' AS n1;
/* Second level of nesting...
SELECT 'deeper nest' as n2;
/* Third level of nesting...
SELECT 'deepest nest' as n3;
*/
Hoo boy. Still two deep...
*/
Now just one deep...
*/
'deeply nested example' AS sixth


-- !query
/* and this is the end of the file */
-- !query schema
struct<>
-- !query output
org.apache.spark.sql.catalyst.parser.ParseException

mismatched input '<EOF>' expecting {'(', 'ADD', 'ALTER', 'ANALYZE', 'CACHE', 'CLEAR', 'COMMENT', 'COMMIT', 'CREATE', 'DELETE', 'DESC', 'DESCRIBE', 'DFS', 'DROP', 'EXPLAIN', 'EXPORT', 'FROM', 'GRANT', 'IMPORT', 'INSERT', 'LIST', 'LOAD', 'LOCK', 'MAP', 'MERGE', 'MSCK', 'REDUCE', 'REFRESH', 'REPLACE', 'RESET', 'REVOKE', 'ROLLBACK', 'SELECT', 'SET', 'SHOW', 'START', 'TABLE', 'TRUNCATE', 'UNCACHE', 'UNLOCK', 'UPDATE', 'USE', 'VALUES', 'WITH'}(line 1, pos 37)

== SQL ==
/* and this is the end of the file */
-------------------------------------^^^
